// Jest Snapshot v1, https://goo.gl/fbAQLP

exports[`DatePicker snapshot 1`] = `
<div
  className="rw-datetime-picker rw-widget"
  onBlur={[Function]}
  onFocus={[Function]}
  onKeyDown={[Function]}
  onKeyPress={[Function]}
  tabIndex="-1"
>
  <div
    className="rw-widget-picker rw-widget-container"
  >
    <input
      aria-activedescendant={null}
      aria-expanded={false}
      aria-haspopup={true}
      aria-owns=""
      autoComplete="off"
      className="rw-widget-input rw-input"
      id="rw_1_input"
      onBlur={[Function]}
      onChange={[Function]}
      role="combobox"
      tabIndex="0"
      type="text"
      value=""
    />
    <span
      className="rw-select rw-select-bordered"
    >
      <button
        aria-label="Select date"
        className="rw-btn rw-btn-select"
        onClick={[Function]}
        tabIndex="-1"
        title="Select date"
        type="button"
      >
        <span
          aria-hidden="true"
          className="rw-i rw-i-calendar"
        />
      </button>
    </span>
  </div>
</div>
`;
