// Jest Snapshot v1, https://goo.gl/fbAQLP

exports[`RegisterEventForm snapshot 1`] = `
<form
  className=""
  onSubmit={[Function]}
>
  <div
    className="form-group"
  >
    <label
      className="form-label"
    >
      First Name
    </label>
    <input
      className="form-control"
      name="firstName"
      onBlur={[Function]}
      onChange={[Function]}
      onDragStart={[Function]}
      onDrop={[Function]}
      onFocus={[Function]}
      value=""
    />
  </div>
  <div
    className="form-group"
  >
    <label
      className="form-label"
    >
      Last Name
    </label>
    <input
      className="form-control"
      name="lastName"
      onBlur={[Function]}
      onChange={[Function]}
      onDragStart={[Function]}
      onDrop={[Function]}
      onFocus={[Function]}
      value=""
    />
  </div>
  <div
    className="form-group"
  >
    <label
      className="form-label"
    >
      Email
    </label>
    <input
      className="form-control"
      name="email"
      onBlur={[Function]}
      onChange={[Function]}
      onDragStart={[Function]}
      onDrop={[Function]}
      onFocus={[Function]}
      value=""
    />
  </div>
  <div
    className="form-group"
  >
    <label
      className="form-label"
    >
      Date
    </label>
    <div
      className="rw-datetime-picker rw-widget"
      onBlur={[Function]}
      onFocus={[Function]}
      onKeyDown={[Function]}
      onKeyPress={[Function]}
      tabIndex="-1"
    >
      <div
        className="rw-widget-picker rw-widget-container"
      >
        <input
          aria-activedescendant={null}
          aria-expanded={false}
          aria-haspopup={true}
          aria-owns=""
          autoComplete="off"
          className="rw-widget-input rw-input"
          id="rw_1_input"
          onBlur={[Function]}
          onChange={[Function]}
          role="combobox"
          tabIndex="0"
          type="text"
          value=""
        />
        <span
          className="rw-select rw-select-bordered"
        >
          <button
            aria-label="Select date"
            className="rw-btn rw-btn-select"
            onClick={[Function]}
            tabIndex="-1"
            title="Select date"
            type="button"
          >
            <span
              aria-hidden="true"
              className="rw-i rw-i-calendar"
            />
          </button>
        </span>
      </div>
    </div>
  </div>
  <button
    className="btn btn-primary"
    disabled={false}
    type="submit"
  >
    Register
  </button>
</form>
`;
