// Jest Snapshot v1, https://goo.gl/fbAQLP

exports[`RegisterEventSuccess snapshot 1`] = `
<div
  style={
    Object {
      "textAlign": "center",
    }
  }
>
  <h4>
    Success
  </h4>
  <p>
    The data have been saved in the database.
  </p>
  <button
    className="btn btn-primary"
    disabled={false}
    onClick={[Function]}
    type="button"
  >
    Register another
  </button>
</div>
`;
